
    git push --set-upstream origin main
To have this happen automatically for branches without a tracking
upstream, see 'push.autoSetupRemote' in 'git help config'.

error: remote origin already exists.
PS C:\Users\dvazquez.UPCN\Documents\diego\raizNodejs\Diego-Vazquez> git add .
On branch main
nothing to commit, working tree clean
PS C:\Users\dvazquez.UPCN\Documents\diego\raizNodejs\Diego-Vazquez> git branch -M main
PS C:\Users\dvazquez.UPCN\Documents\diego\raizNodejs\Diego-Vazquez> git push -u origin main
Enumerating objects: 14, done.
Counting objects: 100% (14/14), done.
Delta compression using up to 2 threads
Compressing objects: 100% (13/13), done.
Writing objects: 100% (14/14), 44.57 KiB | 1.65 MiB/s, done.
 * [new branch]      main -> main
branch 'main' set up to track 'origin/main'.
PS C:\Users\dvazquez.UPCN\Documents\diego\raizNodejs\Diego-Vazquez> git add .
PS C:\Users\dvazquez.UPCN\Documents\diego\raizNodejs\Diego-Vazquez> git commit -m "Descripción de los cambios"
[main f33e471] Descripción de los cambios
 Committer: Diego Vazquez <dvazquez@upcn.local>
Your name and email address were configured automatically based
on your username and hostname. Please check that they are accurate.
You can suppress this message by setting them explicitly. Run the
following command and follow the instructions in your editor to edit
your configuration file:

    git config --global --edit

After doing this, you may fix the identity used for this commit with:
    git commit --amend --reset-author

 4 files changed, 4 insertions(+), 4 deletions(-)
PS C:\Users\dvazquez.UPCN\Documents\diego\raizNodejs\Diego-Vazquez> git push
Enumerating objects: 13, done.
Counting objects: 100% (13/13), done.
Delta compression using up to 2 threads
Compressing objects: 100% (6/6), done.
Writing objects: 100% (7/7), 668 bytes | 133.00 KiB/s, done.
To https://github.com/cocomicho1986/Diego-Vazquez.git
   ece0e30..f33e471  main -> main
PS C:\Users\dvazquez.UPCN\Documents\diego\raizNodejs\Diego-Vazquez> git add .
PS C:\Users\dvazquez.UPCN\Documents\diego\raizNodejs\Diego-Vazquez> git commit -m "cambios"
Your branch is up to date with 'origin/main'.
PS C:\Users\dvazquez.UPCN\Documents\diego\raizNodejs\Diego-Vazquez> git push
Everything up-to-date
PS C:\Users\dvazquez.UPCN\Documents\diego\raizNodejs\Diego-Vazquez> git add .
PS C:\Users\dvazquez.UPCN\Documents\diego\raizNodejs\Diego-Vazquez> git commit -m "background"
[main e5e0be2] background
 Committer: Diego Vazquez <dvazquez@upcn.local>
Your name and email address were configured automatically based
on your username and hostname. Please check that they are accurate.
You can suppress this message by setting them explicitly. Run the
following command and follow the instructions in your editor to edit
your configuration file:

    git config --global --edit

After doing this, you may fix the identity used for this commit with:
    git commit --amend --reset-author

 1 file changed, 2 insertions(+), 2 deletions(-)
PS C:\Users\dvazquez.UPCN\Documents\diego\raizNodejs\Diego-Vazquez> git push
Enumerating objects: 7, done.
Counting objects: 100% (7/7), done.
Delta compression using up to 2 threads
Compressing objects: 100% (3/3), done.
Writing objects: 100% (4/4), 361 bytes | 180.00 KiB/s, done.
To https://github.com/cocomicho1986/Diego-Vazquez.git
   f33e471..e5e0be2  main -> main
PS C:\Users\dvazquez.UPCN\Documents\diego\raizNodejs\Diego-Vazquez> git add .
PS C:\Users\dvazquez.UPCN\Documents\diego\raizNodejs\Diego-Vazquez> git commit -m "detalles colores"
[main d232131] detalles colores
 Committer: Diego Vazquez <dvazquez@upcn.local>
Your name and email address were configured automatically based
on your username and hostname. Please check that they are accurate.
You can suppress this message by setting them explicitly. Run the
following command and follow the instructions in your editor to edit
your configuration file:

    git config --global --edit

After doing this, you may fix the identity used for this commit with:


 3 files changed, 25 insertions(+), 11 deletions(-)
 delete mode 100644 images/micolash.jpg
PS C:\Users\dvazquez.UPCN\Documents\diego\raizNodejs\Diego-Vazquez> git push
Enumerating objects: 11, done.
Counting objects: 100% (11/11), done.
Delta compression using up to 2 threads
Compressing objects: 100% (5/5), done.
Writing objects: 100% (6/6), 809 bytes | 202.00 KiB/s, done.
Total 6 (delta 3), reused 0 (delta 0), pack-reused 0 (from 0)
remote: Resolving deltas: 100% (3/3), completed with 3 local objects.
To https://github.com/cocomicho1986/Diego-Vazquez.git
   e5e0be2..d232131  main -> main
PS C:\Users\dvazquez.UPCN\Documents\diego\raizNodejs\Diego-Vazquez> 
 *  History restored 

PS C:\Users\dvazquez.UPCN\Documents\diego\raizNodejs\Diego-Vazquez> git add .
PS C:\Users\dvazquez.UPCN\Documents\diego\raizNodejs\Diego-Vazquez> git commit -m "Ultimos cambios"
[main f4057d5] Ultimos cambios
 Committer: Diego Vazquez <dvazquez@upcn.local>
Your name and email address were configured automatically based
on your username and hostname. Please check that they are accurate.
You can suppress this message by setting them explicitly. Run the
following command and follow the instructions in your editor to edit
your configuration file:

    git config --global --edit

After doing this, you may fix the identity used for this commit with:
    git commit --amend --reset-author

 4 files changed, 47 insertions(+), 19 deletions(-)
PS C:\Users\dvazquez.UPCN\Documents\diego\raizNodejs\Diego-Vazquez> git push
Enumerating objects: 13, done.
Counting objects: 100% (13/13), done.
Delta compression using up to 2 threads
Compressing objects: 100% (6/6), done.
Writing objects: 100% (7/7), 1.25 KiB | 44.00 KiB/s, done.
Total 7 (delta 4), reused 0 (delta 0), pack-reused 0 (from 0)
remote: Resolving deltas: 100% (4/4), completed with 4 local objects.
To https://github.com/cocomicho1986/Diego-Vazquez.git
   d232131..f4057d5  main -> main
PS C:\Users\dvazquez.UPCN\Documents\diego\raizNodejs\Diego-Vazquez> 